{
  "exclude": {
    "files": "package-lock.json|^.secrets.baseline$",
    "lines": null
  },
  "generated_at": "2025-10-02T13:39:28Z",
  "plugins_used": [
    {
      "name": "AWSKeyDetector"
    },
    {
      "name": "ArtifactoryDetector"
    },
    {
      "name": "AzureStorageKeyDetector"
    },
    {
      "base64_limit": 4.5,
      "name": "Base64HighEntropyString"
    },
    {
      "name": "BasicAuthDetector"
    },
    {
      "name": "BoxDetector"
    },
    {
      "name": "CloudantDetector"
    },
    {
      "ghe_instance": "github.ibm.com",
      "name": "GheDetector"
    },
    {
      "name": "GitHubTokenDetector"
    },
    {
      "hex_limit": 3,
      "name": "HexHighEntropyString"
    },
    {
      "name": "IbmCloudIamDetector"
    },
    {
      "name": "IbmCosHmacDetector"
    },
    {
      "name": "JwtTokenDetector"
    },
    {
      "keyword_exclude": null,
      "name": "KeywordDetector"
    },
    {
      "name": "MailchimpDetector"
    },
    {
      "name": "NpmDetector"
    },
    {
      "name": "PrivateKeyDetector"
    },
    {
      "name": "SlackDetector"
    },
    {
      "name": "SoftlayerDetector"
    },
    {
      "name": "SquareOAuthDetector"
    },
    {
      "name": "StripeDetector"
    },
    {
      "name": "TwilioKeyDetector"
    }
  ],
  "results": {
    ".npmrc": [
      {
        "hashed_secret": "7eadb34e8f78adc6c4011232a903869ef7f23289",
        "is_secret": false,
        "is_verified": false,
        "line_number": 2,
        "type": "NPM tokens",
        "verified_result": null
      }
    ],
    "README.md": [
      {
        "hashed_secret": "537d1fef278370e114e2f2e662f22af713fd94c5",
        "is_secret": false,
        "is_verified": false,
        "line_number": 82,
        "type": "Secret Keyword",
        "verified_result": null
      },
      {
        "hashed_secret": "7dedfa2a1a0ba891ffd78c0fbdbe2f4676f61f95",
        "is_secret": false,
        "is_verified": false,
        "line_number": 97,
        "type": "Secret Keyword",
        "verified_result": null
      }
    ],
    "credentials/watsonx_ai_ml_vml_v1.env.template": [
      {
        "hashed_secret": "32e8612d8ca77c7ea8374aa7918db8e5df9252ed",
        "is_secret": false,
        "is_verified": false,
        "line_number": 2,
        "type": "Secret Keyword",
        "verified_result": null
      }
    ],
    "credentials/watsonx_ai_ml_vml_v1_aws.env.template": [
      {
        "hashed_secret": "32e8612d8ca77c7ea8374aa7918db8e5df9252ed",
        "is_secret": false,
        "is_verified": false,
        "line_number": 2,
        "type": "Secret Keyword",
        "verified_result": null
      }
    ],
    "examples/auth/watsonx_ai_ml_vml_v1_iam.env.template": [
      {
        "hashed_secret": "32e8612d8ca77c7ea8374aa7918db8e5df9252ed",
        "is_secret": false,
        "is_verified": false,
        "line_number": 2,
        "type": "Secret Keyword",
        "verified_result": null
      }
    ],
    "examples/src/external/langchain/chat_image.ts": [
      {
        "hashed_secret": "4d8cd4c4b2422e0c7ffaf575663bbefa0fc9b78a",
        "is_secret": false,
        "is_verified": false,
        "line_number": 10,
        "type": "Secret Keyword",
        "verified_result": null
      }
    ],
    "examples/src/external/langchain/chat_langgraph.ts": [
      {
        "hashed_secret": "4d8cd4c4b2422e0c7ffaf575663bbefa0fc9b78a",
        "is_secret": false,
        "is_verified": false,
        "line_number": 96,
        "type": "Secret Keyword",
        "verified_result": null
      }
    ],
    "examples/src/external/langchain/chat_tools.ts": [
      {
        "hashed_secret": "4d8cd4c4b2422e0c7ffaf575663bbefa0fc9b78a",
        "is_secret": false,
        "is_verified": false,
        "line_number": 76,
        "type": "Secret Keyword",
        "verified_result": null
      }
    ],
    "examples/src/external/langchain/rag_memory_vector_store.ts": [
      {
        "hashed_secret": "4d8cd4c4b2422e0c7ffaf575663bbefa0fc9b78a",
        "is_secret": false,
        "is_verified": false,
        "line_number": 55,
        "type": "Secret Keyword",
        "verified_result": null
      }
    ],
    "examples/src/external/langchain/rag_milvus.ts": [
      {
        "hashed_secret": "2df15308cf3d46201dc9063ece45282deb4ac5d8",
        "is_secret": false,
        "is_verified": false,
        "line_number": 54,
        "type": "Secret Keyword",
        "verified_result": null
      },
      {
        "hashed_secret": "4d8cd4c4b2422e0c7ffaf575663bbefa0fc9b78a",
        "is_secret": false,
        "is_verified": false,
        "line_number": 92,
        "type": "Secret Keyword",
        "verified_result": null
      }
    ],
    "src/authentication/utils/authenticators.ts": [
      {
        "hashed_secret": "8f4bfc22c4fd7cb884f94ec175ff4a3284a174a1",
        "is_secret": false,
        "is_verified": false,
        "line_number": 47,
        "type": "Secret Keyword",
        "verified_result": null
      },
      {
        "hashed_secret": "65e622227634e8876cfa733000233fb80c6f0473",
        "is_secret": false,
        "is_verified": false,
        "line_number": 62,
        "type": "Secret Keyword",
        "verified_result": null
      }
    ],
    "src/authentication/utils/get-authenticator-from-environment.ts": [
      {
        "hashed_secret": "6947818ac409551f11fbaa78f0ea6391960aa5b8",
        "is_secret": false,
        "is_verified": false,
        "line_number": 66,
        "type": "Secret Keyword",
        "verified_result": null
      }
    ],
    "src/vml_v1.ts": [
      {
        "hashed_secret": "0608c4054662dd902e1314f7e450e3eaa81c1143",
        "is_secret": false,
        "is_verified": false,
        "line_number": 139,
        "type": "Secret Keyword",
        "verified_result": null
      },
      {
        "hashed_secret": "c2a6b03f190dfb2b4aa91f8af8d477a9bc3401dc",
        "is_secret": false,
        "is_verified": false,
        "line_number": 152,
        "type": "Secret Keyword",
        "verified_result": null
      }
    ],
    "test/unit/auth.test.js": [
      {
        "hashed_secret": "b8473b86d4c2072ca9b08bd28e373e8253e865c4",
        "is_secret": false,
        "is_verified": false,
        "line_number": 220,
        "type": "Secret Keyword",
        "verified_result": null
      },
      {
        "hashed_secret": "7e6a3680012346b94b54731e13d8a9ffa3790645",
        "is_secret": false,
        "is_verified": false,
        "line_number": 352,
        "type": "Secret Keyword",
        "verified_result": null
      },
      {
        "hashed_secret": "8bb6118f8fd6935ad0876a3be34a717d32708ffd",
        "is_secret": false,
        "is_verified": false,
        "line_number": 353,
        "type": "Secret Keyword",
        "verified_result": null
      }
    ]
  },
  "version": "0.13.1+ibm.62.dss",
  "word_list": {
    "file": null,
    "hash": null
  }
}
